
> oracle-intelligence@0.1.0 build
> next build

  Γû▓ Next.js 14.2.35
  - Environments: .env.local

   Creating an optimized production build ...
 Γ£ô Compiled successfully
   Linting and checking validity of types ...
   Collecting page data ...
   Generating static pages (0/24) ...
   Generating static pages (6/24) 
   Generating static pages (12/24) 
   Generating static pages (18/24) 
 Γ£ô Generating static pages (24/24)
   Finalizing page optimization ...
   Collecting build traces ...

Route (app)                              Size     First Load JS
Γöî Γùï /                                    17 kB           170 kB
Γö£ Γùï /_not-found                          873 B          88.2 kB
Γö£ ╞Æ /api/admin/dashboard                 0 B                0 B
Γö£ ╞Æ /api/admin/users                     0 B                0 B
Γö£ ╞Æ /api/admin/weights                   0 B                0 B
Γö£ ╞Æ /api/auth/demo-provision             0 B                0 B
Γö£ ╞Æ /api/auth/onboarding                 0 B                0 B
Γö£ ╞Æ /api/auth/profile                    0 B                0 B
Γö£ ╞Æ /api/credits/allocate                0 B                0 B
Γö£ ╞Æ /api/credits/consume                 0 B                0 B
Γö£ ╞Æ /api/credits/sandbox-purchase        0 B                0 B
Γö£ ╞Æ /api/evaluation/notify               0 B                0 B
Γö£ ╞Æ /api/locations                       0 B                0 B
Γö£ ╞Æ /api/reports/export                  0 B                0 B
Γö£ ╞Æ /api/reports/generate                0 B                0 B
Γö£ ╞Æ /api/reports/save                    0 B                0 B
Γö£ ╞Æ /api/webhooks/razorpay               0 B                0 B
Γö£ ╞Æ /api/webhooks/stripe                 0 B                0 B
Γö£ ╞Æ /callback                            0 B                0 B
Γö£ ╞Æ /dashboard                           4.86 kB         158 kB
Γöö Γùï /login                               2.37 kB         155 kB
+ First Load JS shared by all            87.3 kB
  Γö£ chunks/117-74c7abb41b606da6.js       31.7 kB
  Γö£ chunks/fd9d1056-314442b610634306.js  53.6 kB
  Γöö other shared chunks (total)          1.92 kB


Γùï  (Static)   prerendered as static content
╞Æ  (Dynamic)  server-rendered on demand

